2026-05-24 00:00:26 [info]: [LogActivity] User: 6a1166a0ecc6d520f4564737, Text: "pt1 · Bước vào chu kỳ tháng mới, điện nước nối tiếp", Type: room
2026-05-24 00:00:26 [info]: [LogActivity] User: 6a1166a0ecc6d520f4564737, Text: "pt1 · Đã thu tiền 14.101.598 đ", Type: bill
2026-05-24 00:08:47 [info]: ✅ Successfully connected to MongoDB database
2026-05-24 00:08:47 [info]: ℹ️ Seeder: Default user already exists.
2026-05-24 00:08:47 [info]: 🚀 Server running in development mode on port 8080
2026-05-24 00:08:47 [info]: 🔗 Health check available at http://localhost:8080/health
2026-05-24 00:10:46 [info]: [LogActivity] User: 6a1166a0ecc6d520f4564737, Text: "Tạo phòng mới: Pt3", Type: room
2026-05-24 00:11:15 [info]: [LogActivity] User: 6a1166a0ecc6d520f4564737, Text: "Pt3 · Khách mới: Dhdb", Type: member
2026-05-24 00:11:29 [info]: [LogActivity] User: 6a1166a0ecc6d520f4564737, Text: "Pt3 · Đã ghi điện nước", Type: meter
2026-05-24 00:12:08 [info]: [LogActivity] User: 6a1166a0ecc6d520f4564737, Text: "Pt3 · Bước vào chu kỳ tháng mới, điện nước nối tiếp", Type: room
2026-05-24 00:12:09 [info]: [LogActivity] User: 6a1166a0ecc6d520f4564737, Text: "Pt3 · Đã thu tiền 18.611.499 đ", Type: bill
2026-05-24 00:13:09 [info]: ✅ Successfully connected to MongoDB database
2026-05-24 00:13:09 [info]: ℹ️ Seeder: Default user already exists.
2026-05-24 00:13:09 [info]: 🚀 Server running in development mode on port 8080
2026-05-24 00:13:09 [info]: 🔗 Health check available at http://localhost:8080/health
2026-05-24 00:15:15 [info]: [LogActivity] User: 6a1166a0ecc6d520f4564737, Text: "Xóa phòng: Pt3", Type: room
2026-05-24 00:15:24 [info]: [LogActivity] User: 6a1166a0ecc6d520f4564737, Text: "Tạo phòng mới: P3", Type: room
2026-05-24 00:15:41 [info]: [LogActivity] User: 6a1166a0ecc6d520f4564737, Text: "P3 · Khách mới: Vvv", Type: member
2026-05-24 00:15:49 [info]: [LogActivity] User: 6a1166a0ecc6d520f4564737, Text: "P3 · Đã ghi điện nước", Type: meter
2026-05-24 00:16:07 [info]: [LogActivity] User: 6a1166a0ecc6d520f4564737, Text: "P3 · Bước vào chu kỳ tháng mới, điện nước nối tiếp", Type: room
2026-05-24 00:16:07 [info]: [LogActivity] User: 6a1166a0ecc6d520f4564737, Text: "P3 · Đã thu tiền 1.957.355 đ", Type: bill
2026-05-24 00:31:38 [info]: ✅ Successfully connected to MongoDB database
2026-05-24 00:31:38 [info]: ℹ️ Seeder: Default user already exists.
2026-05-24 00:31:38 [info]: 🚀 Server running in development mode on port 8080
2026-05-24 00:31:38 [info]: 🔗 Health check available at http://localhost:8080/health
2026-05-24 00:45:49 [info]: [LogActivity] User: 6a1166a0ecc6d520f4564737, Text: "Phòng pay lắk · Đã ghi điện nước", Type: meter
2026-05-24 00:46:07 [info]: [LogActivity] User: 6a1166a0ecc6d520f4564737, Text: "Phòng pay lắk · Bước vào chu kỳ tháng mới, điện nước nối tiếp", Type: room
2026-05-24 00:46:07 [info]: [LogActivity] User: 6a1166a0ecc6d520f4564737, Text: "Phòng pay lắk · Đã thu tiền 13.123.323 đ", Type: bill
2026-05-24 00:50:03 [info]: [LogActivity] User: 6a1166a0ecc6d520f4564737, Text: "P3 · Khách mới: Rh", Type: member
2026-05-24 00:57:37 [info]: [LogActivity] User: 6a1166a0ecc6d520f4564737, Text: "Tạo phòng mới: Pt4", Type: room
2026-05-24 00:57:48 [info]: [LogActivity] User: 6a1166a0ecc6d520f4564737, Text: "Pt4 · Khách mới: G", Type: member
2026-05-24 01:29:12 [info]: [LogActivity] User: 6a1166a0ecc6d520f4564737, Text: "P3 · Khách mới: Gg", Type: member
2026-05-24 01:30:54 [info]: ✅ Successfully connected to MongoDB database
2026-05-24 01:30:54 [info]: ℹ️ Seeder: Default user already exists.
2026-05-24 01:30:54 [info]: 🚀 Server running in development mode on port 8080
2026-05-24 01:30:54 [info]: 🔗 Health check available at http://localhost:8080/health
2026-05-24 01:31:13 [info]: ✅ Successfully connected to MongoDB database
2026-05-24 01:31:13 [info]: ℹ️ Seeder: Default user already exists.
2026-05-24 01:31:13 [info]: 🚀 Server running in development mode on port 8080
2026-05-24 01:31:13 [info]: 🔗 Health check available at http://localhost:8080/health
2026-05-24 10:33:28 [info]: ✅ Successfully connected to MongoDB database
2026-05-24 10:33:29 [info]: ℹ️ Seeder: Default user already exists.
2026-05-24 10:33:29 [info]: 🚀 Server running in development mode on port 8080
2026-05-24 10:33:29 [info]: 🔗 Health check available at http://localhost:8080/health
2026-05-24 10:49:26 [info]: [LogActivity] User: 6a1166a0ecc6d520f4564737, Text: "phòng test · Bước vào chu kỳ tháng mới, điện nước nối tiếp", Type: room
2026-05-24 10:49:26 [info]: [LogActivity] User: 6a1166a0ecc6d520f4564737, Text: "phòng test · Đã thu tiền 2.780.499 đ", Type: bill
2026-05-24 12:15:04 [info]: ✅ Successfully connected to MongoDB database
2026-05-24 12:15:04 [info]: ℹ️ Seeder: Default user already exists.
2026-05-24 12:15:04 [info]: 🚀 Server running in development mode on port 8080
2026-05-24 12:15:04 [info]: 🔗 Health check available at http://localhost:8080/health
