2026-06-23 11:08:24 [info]: ✅ Successfully connected to MongoDB database
2026-06-23 11:08:25 [info]: ℹ️ Seeder: Default user already exists.
2026-06-23 11:08:25 [info]: 🚀 Server running in development mode on port 8080
2026-06-23 11:08:25 [info]: 🔗 Health check available at http://localhost:8080/health
2026-06-23 11:09:56 [info]: [LogActivity] User: 6a26bd081481b122cb7adda5, Text: "P2 · Đã ghi điện nước", Type: meter
2026-06-23 11:11:17 [info]: [LogActivity] User: 6a26bd081481b122cb7adda5, Text: "Gh · Đã ghi điện nước", Type: meter
2026-06-23 11:12:24 [info]: [LogActivity] User: 6a26bd081481b122cb7adda5, Text: "N · Khách mới: zca", Type: member
2026-06-23 11:12:43 [info]: [LogActivity] User: 6a26bd081481b122cb7adda5, Text: "N · Đã ghi điện nước", Type: meter
2026-06-23 11:12:52 [info]: [LogActivity] User: 6a26bd081481b122cb7adda5, Text: "N · Bước vào chu kỳ tháng mới, điện nước nối tiếp", Type: room
2026-06-23 11:12:52 [info]: [LogActivity] User: 6a26bd081481b122cb7adda5, Text: "N · Đã thu tiền 125.509 đ (Khách đóng thiếu nợ 260.000 đ)", Type: bill
2026-06-23 12:37:55 [info]: [LogActivity] User: 6a26bd081481b122cb7adda5, Text: "Tạo phòng mới: Phong tét", Type: room
2026-06-23 12:38:10 [info]: [LogActivity] User: 6a26bd081481b122cb7adda5, Text: "Phong tét · Khách mới: Rh", Type: member
2026-06-23 12:38:37 [info]: [LogActivity] User: 6a26bd081481b122cb7adda5, Text: "Phong tét · Đã ghi điện nước", Type: meter
2026-06-23 15:19:26 [error]: Error: querySrv ECONNREFUSED _mongodb._tcp.cluster0.djxgear.mongodb.net
    at QueryReqWrap.onresolve [as oncomplete] (node:internal/dns/promises:294:17)
2026-06-23 15:19:33 [error]: Error: querySrv ECONNREFUSED _mongodb._tcp.cluster0.djxgear.mongodb.net
    at QueryReqWrap.onresolve [as oncomplete] (node:internal/dns/promises:294:17)
2026-06-23 15:19:40 [error]: Error: querySrv ECONNREFUSED _mongodb._tcp.cluster0.djxgear.mongodb.net
    at QueryReqWrap.onresolve [as oncomplete] (node:internal/dns/promises:294:17)
2026-06-23 15:19:46 [error]: Error: querySrv ECONNREFUSED _mongodb._tcp.cluster0.djxgear.mongodb.net
    at QueryReqWrap.onresolve [as oncomplete] (node:internal/dns/promises:294:17)
2026-06-23 15:19:53 [error]: Error: querySrv ECONNREFUSED _mongodb._tcp.cluster0.djxgear.mongodb.net
    at QueryReqWrap.onresolve [as oncomplete] (node:internal/dns/promises:294:17)
2026-06-23 15:25:25 [error]: Error: querySrv ECONNREFUSED _mongodb._tcp.cluster0.djxgear.mongodb.net
    at QueryReqWrap.onresolve [as oncomplete] (node:internal/dns/promises:294:17)
2026-06-23 15:26:16 [info]: ✅ Successfully connected to MongoDB database
2026-06-23 15:26:20 [info]: ℹ️ Seeder: Default user already exists.
2026-06-23 15:26:20 [info]: 🚀 Server running in development mode on port 8080
2026-06-23 15:26:20 [info]: 🔗 Health check available at http://localhost:8080/health
2026-06-23 15:26:38 [info]: ✅ Successfully connected to MongoDB database
2026-06-23 15:26:39 [info]: ℹ️ Seeder: Default user already exists.
2026-06-23 15:26:39 [info]: 🚀 Server running in development mode on port 8080
2026-06-23 15:26:39 [info]: 🔗 Health check available at http://localhost:8080/health
2026-06-23 15:40:52 [info]: ✅ Successfully connected to MongoDB database
2026-06-23 15:40:54 [info]: ℹ️ Seeder: Default user already exists.
2026-06-23 15:40:54 [info]: 🚀 Server running in development mode on port 8080
2026-06-23 15:40:54 [info]: 🔗 Health check available at http://localhost:8080/health
2026-06-23 15:42:35 [warn]: [EMAIL BYPASS] EMAIL_PASS environment variable is not configured. Logged OTP to console: 342762
2026-06-23 15:48:36 [warn]: [EMAIL BYPASS] EMAIL_PASS environment variable is not configured. Logged OTP to console: 383948
2026-06-23 15:49:24 [info]: ✅ Successfully connected to MongoDB database
2026-06-23 15:49:25 [info]: ℹ️ Seeder: Default user already exists.
2026-06-23 15:49:25 [info]: 🚀 Server running in development mode on port 8080
2026-06-23 15:49:25 [info]: 🔗 Health check available at http://localhost:8080/health
2026-06-23 15:51:49 [info]: ✅ Email OTP successfully sent to lean1835.vac@gmail.com
2026-06-23 16:03:56 [info]: ✅ Successfully connected to MongoDB database
2026-06-23 16:04:02 [info]: ✅ Successfully connected to MongoDB database
2026-06-23 16:04:03 [info]: ✅ Seeder: Default user email updated to pmeodz1@gmail.com
2026-06-23 16:04:03 [info]: 🚀 Server running in development mode on port 8080
2026-06-23 16:04:03 [info]: 🔗 Health check available at http://localhost:8080/health
2026-06-23 18:43:41 [info]: ✅ Email OTP successfully sent to lean1835.vac@gmail.com
2026-06-23 18:45:50 [info]: ✅ Successfully connected to MongoDB database
2026-06-23 18:45:51 [info]: ✅ Seeder: Default user email updated to lean1835.vac@gmail.com
2026-06-23 18:45:51 [info]: 🚀 Server running in development mode on port 8080
2026-06-23 18:45:51 [info]: 🔗 Health check available at http://localhost:8080/health
2026-06-23 18:46:47 [info]: ✅ Email OTP successfully sent to lean1835.vac@gmail.com
2026-06-23 18:50:18 [info]: ✅ Successfully connected to MongoDB database
2026-06-23 18:50:20 [info]: ℹ️ Seeder: Default user already exists and email is up to date.
2026-06-23 18:50:20 [info]: 🚀 Server running in development mode on port 8080
2026-06-23 18:50:20 [info]: 🔗 Health check available at http://localhost:8080/health
2026-06-23 18:50:22 [info]: ✅ Successfully connected to MongoDB database
2026-06-23 18:50:23 [info]: ℹ️ Seeder: Default user already exists and email is up to date.
2026-06-23 18:50:23 [info]: 🚀 Server running in development mode on port 8080
2026-06-23 18:50:23 [info]: 🔗 Health check available at http://localhost:8080/health
2026-06-23 18:52:49 [info]: ✅ Successfully connected to MongoDB database
2026-06-23 18:52:51 [info]: ℹ️ Seeder: Default user already exists and email is up to date.
2026-06-23 18:52:51 [info]: 🚀 Server running in development mode on port 8080
2026-06-23 18:52:51 [info]: 🔗 Health check available at http://localhost:8080/health
2026-06-23 18:52:54 [info]: ✅ Successfully connected to MongoDB database
2026-06-23 18:52:57 [info]: ✅ Successfully connected to MongoDB database
2026-06-23 18:52:58 [info]: ℹ️ Seeder: Default user already exists and email is up to date.
2026-06-23 18:52:58 [info]: 🚀 Server running in development mode on port 8080
2026-06-23 18:52:58 [info]: 🔗 Health check available at http://localhost:8080/health
2026-06-23 18:53:37 [info]: ✅ Successfully connected to MongoDB database
2026-06-23 18:53:38 [info]: ℹ️ Seeder: Default user already exists and email is up to date.
2026-06-23 18:53:38 [info]: 🚀 Server running in development mode on port 8080
2026-06-23 18:53:38 [info]: 🔗 Health check available at http://localhost:8080/health
2026-06-23 18:53:49 [info]: ✅ Successfully connected to MongoDB database
2026-06-23 18:53:49 [info]: ℹ️ Seeder: Default user already exists and email is up to date.
2026-06-23 18:53:49 [info]: 🚀 Server running in development mode on port 8080
2026-06-23 18:53:49 [info]: 🔗 Health check available at http://localhost:8080/health
2026-06-23 18:54:33 [info]: ✅ Email OTP successfully sent to lean1835.vac@gmail.com
2026-06-23 18:55:22 [info]: ✅ Email OTP successfully sent to lean1835.vac@gmail.com
2026-06-23 19:13:03 [info]: [LogActivity] User: 6a26bd081481b122cb7adda5, Text: "Phong tét · Bước vào chu kỳ tháng mới, điện nước nối tiếp", Type: room
2026-06-23 19:13:03 [info]: [LogActivity] User: 6a26bd081481b122cb7adda5, Text: "Phong tét · Đã thu tiền 20.696.792 đ (Khách đóng thiếu nợ 10.000.000 đ)", Type: bill
2026-06-23 19:13:45 [info]: [LogActivity] User: 6a26bd081481b122cb7adda5, Text: "Tạo phòng mới: P22", Type: room
2026-06-23 19:13:58 [info]: [LogActivity] User: 6a26bd081481b122cb7adda5, Text: "P22 · Khách mới: An", Type: member
2026-06-23 19:14:09 [info]: [LogActivity] User: 6a26bd081481b122cb7adda5, Text: "P22 · Đã ghi điện nước", Type: meter
2026-06-23 19:15:04 [info]: [LogActivity] User: 6a26bd081481b122cb7adda5, Text: "P22 · Bước vào chu kỳ tháng mới, điện nước nối tiếp", Type: room
2026-06-23 19:15:04 [info]: [LogActivity] User: 6a26bd081481b122cb7adda5, Text: "P22 · Đã thu tiền 880.292 đ", Type: bill
2026-06-23 19:16:53 [info]: [LogActivity] User: 6a26bd081481b122cb7adda5, Text: "Tạo phòng mới: P9", Type: room
2026-06-23 19:17:07 [info]: [LogActivity] User: 6a26bd081481b122cb7adda5, Text: "P9 · Khách mới: Dj", Type: member
2026-06-23 19:17:24 [info]: [LogActivity] User: 6a26bd081481b122cb7adda5, Text: "P9 · Đã ghi điện nước", Type: meter
2026-06-23 19:19:31 [info]: [LogActivity] User: 6a26bd081481b122cb7adda5, Text: "P9 · Bước vào chu kỳ tháng mới, điện nước nối tiếp", Type: room
2026-06-23 19:19:31 [info]: [LogActivity] User: 6a26bd081481b122cb7adda5, Text: "P9 · Đã thu tiền 2.606.656 đ", Type: bill
2026-06-23 20:59:31 [info]: [LogActivity] User: 6a26bd081481b122cb7adda5, Text: "Tạo phòng mới: Gr", Type: room
2026-06-23 20:59:45 [info]: [LogActivity] User: 6a26bd081481b122cb7adda5, Text: "Gr · Khách mới: A", Type: member
2026-06-23 20:59:58 [info]: [LogActivity] User: 6a26bd081481b122cb7adda5, Text: "Gr · Đã ghi điện nước", Type: meter
2026-06-23 21:52:56 [info]: [LogActivity] User: 6a26bd081481b122cb7adda5, Text: "Phòng pay lak · Thêm thành viên: Aa", Type: member
2026-06-23 22:16:38 [info]: [LogActivity] User: 6a26bd081481b122cb7adda5, Text: "Tạo phòng mới: p398", Type: room
2026-06-23 22:16:56 [info]: [LogActivity] User: 6a26bd081481b122cb7adda5, Text: "p398 · Khách mới: àndnj", Type: member
2026-06-23 22:41:26 [info]: [LogActivity] User: 6a26bd081481b122cb7adda5, Text: "Tạo phòng mới: g", Type: room
2026-06-23 22:41:46 [info]: [LogActivity] User: 6a26bd081481b122cb7adda5, Text: "g · Khách mới: 6", Type: member
