2026-05-23 11:16:23 [error]: TypeError: Cannot set property query of #<IncomingMessage> which has only a getter
    at trimRequest (D:\Projects\Apptrololo\backend\src\common\middlewares\trim.middleware.ts:19:27)
    at Layer.handleRequest (D:\Projects\Apptrololo\backend\node_modules\router\lib\layer.js:152:17)
    at trimPrefix (D:\Projects\Apptrololo\backend\node_modules\router\index.js:342:13)
    at D:\Projects\Apptrololo\backend\node_modules\router\index.js:297:9
    at processParams (D:\Projects\Apptrololo\backend\node_modules\router\index.js:582:12)
    at next (D:\Projects\Apptrololo\backend\node_modules\router\index.js:291:5)
    at cookieParser (D:\Projects\Apptrololo\backend\node_modules\cookie-parser\index.js:57:14)
    at Layer.handleRequest (D:\Projects\Apptrololo\backend\node_modules\router\lib\layer.js:152:17)
    at trimPrefix (D:\Projects\Apptrololo\backend\node_modules\router\index.js:342:13)
    at D:\Projects\Apptrololo\backend\node_modules\router\index.js:297:9
2026-05-23 13:20:53 [error]: TypeError: obj.hasOwnProperty is not a function
    at trimInPlace (D:\Projects\Apptrololo\backend\src\common\middlewares\trim.middleware.ts:6:15)
    at trimRequest (D:\Projects\Apptrololo\backend\src\common\middlewares\trim.middleware.ts:19:18)
    at Layer.handleRequest (D:\Projects\Apptrololo\backend\node_modules\router\lib\layer.js:152:17)
    at trimPrefix (D:\Projects\Apptrololo\backend\node_modules\router\index.js:342:13)
    at D:\Projects\Apptrololo\backend\node_modules\router\index.js:297:9
    at processParams (D:\Projects\Apptrololo\backend\node_modules\router\index.js:582:12)
    at next (D:\Projects\Apptrololo\backend\node_modules\router\index.js:291:5)
    at cookieParser (D:\Projects\Apptrololo\backend\node_modules\cookie-parser\index.js:57:14)
    at Layer.handleRequest (D:\Projects\Apptrololo\backend\node_modules\router\lib\layer.js:152:17)
    at trimPrefix (D:\Projects\Apptrololo\backend\node_modules\router\index.js:342:13)
2026-05-23 13:25:12 [error]: TypeError: obj.hasOwnProperty is not a function
    at trimInPlace (D:\Projects\Apptrololo\backend\src\common\middlewares\trim.middleware.ts:6:15)
    at trimRequest (D:\Projects\Apptrololo\backend\src\common\middlewares\trim.middleware.ts:19:18)
    at Layer.handleRequest (D:\Projects\Apptrololo\backend\node_modules\router\lib\layer.js:152:17)
    at trimPrefix (D:\Projects\Apptrololo\backend\node_modules\router\index.js:342:13)
    at D:\Projects\Apptrololo\backend\node_modules\router\index.js:297:9
    at processParams (D:\Projects\Apptrololo\backend\node_modules\router\index.js:582:12)
    at next (D:\Projects\Apptrololo\backend\node_modules\router\index.js:291:5)
    at cookieParser (D:\Projects\Apptrololo\backend\node_modules\cookie-parser\index.js:57:14)
    at Layer.handleRequest (D:\Projects\Apptrololo\backend\node_modules\router\lib\layer.js:152:17)
    at trimPrefix (D:\Projects\Apptrololo\backend\node_modules\router\index.js:342:13)
2026-05-23 13:32:04 [error]: TypeError: obj.hasOwnProperty is not a function
    at trimInPlace (D:\Projects\Apptrololo\backend\src\common\middlewares\trim.middleware.ts:6:15)
    at trimRequest (D:\Projects\Apptrololo\backend\src\common\middlewares\trim.middleware.ts:19:18)
    at Layer.handleRequest (D:\Projects\Apptrololo\backend\node_modules\router\lib\layer.js:152:17)
    at trimPrefix (D:\Projects\Apptrololo\backend\node_modules\router\index.js:342:13)
    at D:\Projects\Apptrololo\backend\node_modules\router\index.js:297:9
    at processParams (D:\Projects\Apptrololo\backend\node_modules\router\index.js:582:12)
    at next (D:\Projects\Apptrololo\backend\node_modules\router\index.js:291:5)
    at cookieParser (D:\Projects\Apptrololo\backend\node_modules\cookie-parser\index.js:57:14)
    at Layer.handleRequest (D:\Projects\Apptrololo\backend\node_modules\router\lib\layer.js:152:17)
    at trimPrefix (D:\Projects\Apptrololo\backend\node_modules\router\index.js:342:13)
2026-05-23 13:52:16 [error]: MongooseServerSelectionError: connect ECONNREFUSED ::1:27017, connect ECONNREFUSED 127.0.0.1:27017
    at _handleConnectionErrors (D:\Projects\Apptrololo\backend\node_modules\mongoose\lib\connection.js:1169:11)
    at NativeConnection.openUri (D:\Projects\Apptrololo\backend\node_modules\mongoose\lib\connection.js:1100:11)
    at connectDatabase (D:\Projects\Apptrololo\backend\src\common\config\database.ts:7:5)
    at bootstrap (D:\Projects\Apptrololo\backend\src\server.ts:57:3)
